exception calling callback for <Future at 0x1f56d557ef0 state=finished raised RuntimeError>
Traceback (most recent call last):
  File "C:\Program Files\Python312\Lib\concurrent\futures\_base.py", line 340, in _invoke_callbacks
    callback(self)
  File "C:\Users\Tomer Shimshi\AppData\Roaming\Python\Python312\site-packages\flet\controls\page.py", line 870, in _on_completion
    raise exception
  File "C:\Users\Tomer Shimshi\Desktop\studis\Dad projects\simon\src\simon\screens\game.py", line 76, in play_sequence
    await flash_pad(color_index, session.step_ms)
  File "C:\Users\Tomer Shimshi\Desktop\studis\Dad projects\simon\src\simon\screens\game.py", line 62, in flash_pad
    await sound.play_color(index)
  File "C:\Users\Tomer Shimshi\Desktop\studis\Dad projects\simon\src\simon\audio.py", line 29, in play_color
    await self._tones[COLORS[index]].play()
  File "C:\Users\Tomer Shimshi\AppData\Roaming\Python\Python312\site-packages\flet_audio\audio.py", line 112, in play
    await self._invoke_method(
  File "C:\Users\Tomer Shimshi\AppData\Roaming\Python\Python312\site-packages\flet\controls\base_control.py", line 448, in _invoke_method
    return await self.page.session.invoke_method(
           ^^^^^^^^^^^^^^^^^^^^^^^^^^^^^^^^^^^^^^
  File "C:\Users\Tomer Shimshi\AppData\Roaming\Python\Python312\site-packages\flet\messaging\session.py", line 507, in invoke_method
    raise RuntimeError(err)
RuntimeError: TimeoutException after 0:00:10.000000: Timeout waiting for invoke method listener for Audio(21).play
